18:59:28 **** Incremental Build of configuration Debug for project step2_app ****
make all 
make --no-print-directory pre-build
a9-linaro-pre-build-step
 
make --no-print-directory main-build
Building file: ../src/test.c
Invoking: ARM v7 gcc compiler
arm-none-eabi-gcc -Wall -O0 -g3 -c -fmessage-length=0 -MT"src/test.o" -mcpu=cortex-a9 -mfpu=vfpv3 -mfloat-abi=hard -I/home/inf2018/gisotirios/Desktop/Embedded/lab2/step2/step2_workspace/step2_platform/export/step2_platform/sw/step2_platform/standalone_domain/bspinclude/include -MMD -MP -MF"src/test.d" -MT"src/test.o" -o "src/test.o" "../src/test.c"
Finished building: ../src/test.c
 
Building target: step2_app.elf
Invoking: ARM v7 gcc linker
arm-none-eabi-gcc -mcpu=cortex-a9 -mfpu=vfpv3 -mfloat-abi=hard -Wl,-build-id=none -specs=Xilinx.spec -Wl,-T -Wl,../src/lscript.ld -L/home/inf2018/gisotirios/Desktop/Embedded/lab2/step2/step2_workspace/step2_platform/export/step2_platform/sw/step2_platform/standalone_domain/bsplib/lib -o "step2_app.elf"  ./src/test.o ./src/timer_util.o   -Wl,--start-group,-lxil,-lgcc,-lc,--end-group
Finished building target: step2_app.elf
 
Invoking: ARM v7 Print Size
arm-none-eabi-size step2_app.elf  |tee "step2_app.elf.size"
   text	   data	    bss	    dec	    hex	filename
  23788	   1160	16791368	16816316	10098bc	step2_app.elf
Finished building: step2_app.elf.size
 

18:59:28 Build Finished (took 572ms)

